###############################################################################
#
# IAR ELF Linker V7.10.3.6832/W32 for ARM                 14/Nov/2020  08:57:40
# Copyright 2007-2014 IAR Systems AB.
#
#    Output file  =  
#        C:\Users\msjun\Documents\STM32-Project\SDC\EWARM\SDC\Exe\SDC.out
#    Map file     =  
#        C:\Users\msjun\Documents\STM32-Project\SDC\EWARM\SDC/List\SDC.map
#    Command line =  
#        C:\Users\msjun\Documents\STM32-Project\SDC\EWARM\SDC\Obj\main.o
#        C:\Users\msjun\Documents\STM32-Project\SDC\EWARM\SDC\Obj\startup_stm32f401xe.o
#        C:\Users\msjun\Documents\STM32-Project\SDC\EWARM\SDC\Obj\stm32f4xx_hal.o
#        C:\Users\msjun\Documents\STM32-Project\SDC\EWARM\SDC\Obj\stm32f4xx_hal_cortex.o
#        C:\Users\msjun\Documents\STM32-Project\SDC\EWARM\SDC\Obj\stm32f4xx_hal_dma.o
#        C:\Users\msjun\Documents\STM32-Project\SDC\EWARM\SDC\Obj\stm32f4xx_hal_dma_ex.o
#        C:\Users\msjun\Documents\STM32-Project\SDC\EWARM\SDC\Obj\stm32f4xx_hal_flash.o
#        C:\Users\msjun\Documents\STM32-Project\SDC\EWARM\SDC\Obj\stm32f4xx_hal_flash_ex.o
#        C:\Users\msjun\Documents\STM32-Project\SDC\EWARM\SDC\Obj\stm32f4xx_hal_flash_ramfunc.o
#        C:\Users\msjun\Documents\STM32-Project\SDC\EWARM\SDC\Obj\stm32f4xx_hal_gpio.o
#        C:\Users\msjun\Documents\STM32-Project\SDC\EWARM\SDC\Obj\stm32f4xx_hal_msp.o
#        C:\Users\msjun\Documents\STM32-Project\SDC\EWARM\SDC\Obj\stm32f4xx_hal_pwr.o
#        C:\Users\msjun\Documents\STM32-Project\SDC\EWARM\SDC\Obj\stm32f4xx_hal_pwr_ex.o
#        C:\Users\msjun\Documents\STM32-Project\SDC\EWARM\SDC\Obj\stm32f4xx_hal_rcc.o
#        C:\Users\msjun\Documents\STM32-Project\SDC\EWARM\SDC\Obj\stm32f4xx_hal_rcc_ex.o
#        C:\Users\msjun\Documents\STM32-Project\SDC\EWARM\SDC\Obj\stm32f4xx_hal_tim.o
#        C:\Users\msjun\Documents\STM32-Project\SDC\EWARM\SDC\Obj\stm32f4xx_hal_tim_ex.o
#        C:\Users\msjun\Documents\STM32-Project\SDC\EWARM\SDC\Obj\stm32f4xx_hal_uart.o
#        C:\Users\msjun\Documents\STM32-Project\SDC\EWARM\SDC\Obj\stm32f4xx_it.o
#        C:\Users\msjun\Documents\STM32-Project\SDC\EWARM\SDC\Obj\system_stm32f4xx.o
#        --redirect _Printf=_PrintfFull --redirect _Scanf=_ScanfFull -o
#        C:\Users\msjun\Documents\STM32-Project\SDC\EWARM\SDC\Exe\SDC.out --map
#        C:\Users\msjun\Documents\STM32-Project\SDC\EWARM\SDC/List\SDC.map
#        --config
#        C:\Users\msjun\Documents\STM32-Project\SDC\EWARM/stm32f401xe_flash.icf
#        --semihosting --entry __iar_program_start --vfe
#
###############################################################################

*******************************************************************************
*** RUNTIME MODEL ATTRIBUTES
***

CppFlavor                     = *
__SystemLibrary               = DLib
__dlib_dynamic_initialization = normal


*******************************************************************************
*** PLACEMENT SUMMARY
***

"A1":  place at 0x08000000 { ro section .intvec };
"P1":  place in [from 0x08000000 to 0x0807ffff] { ro };
"P2":  place in [from 0x20000000 to 0x20017fff] { rw, block CSTACK, block HEAP };

  Section             Kind        Address    Size  Object
  -------             ----        -------    ----  ------
"A1":                                       0x194
  .intvec             ro code  0x08000000   0x194  startup_stm32f401xe.o [1]
                             - 0x08000194   0x194

"P1":                                      0x3903
  .text               ro code  0x08000194   0x6f2  stm32f4xx_hal_tim.o [1]
  .text               ro code  0x08000886    0x22  zero_init3.o [5]
  .text               ro code  0x080008a8   0x2bc  stm32f4xx_hal_msp.o [1]
  .text               ro code  0x08000b64   0x680  main.o [1]
  .text               ro code  0x080011e4    0x96  stm32f4xx_hal_tim_ex.o [1]
  .text               ro code  0x0800127c    0xf6  stm32f4xx_hal_cortex.o [1]
  .text               ro code  0x08001374   0x1c4  stm32f4xx_hal_gpio.o [1]
  .text               ro code  0x08001538   0x38c  stm32f4xx_hal_dma.o [1]
  .text               ro code  0x080018c4    0x6c  strncpy_unaligned.o [5]
  .text               ro code  0x08001930   0x172  xstod.o [4]
  .text               ro code  0x08001aa4   0x1a2  DblMul.o [4]
  .text               ro code  0x08001c48    0xe8  DblAdd.o [4]
  .text               ro code  0x08001d30   0x180  DblSub.o [4]
  .text               ro code  0x08001eb0   0x246  DblDiv.o [4]
  .text               ro code  0x080020f8    0x4c  DblToI32.o [4]
  .text               ro code  0x08002144    0x2c  I32ToDbl.o [4]
  .text               ro code  0x08002170    0x88  stm32f4xx_hal.o [1]
  .text               ro code  0x080021f8   0x554  stm32f4xx_hal_uart.o [1]
  .text               ro code  0x0800274c   0x460  stm32f4xx_hal_rcc.o [1]
  .text               ro code  0x08002bac    0x5e  ABImemset.o [5]
  .text               ro code  0x08002c0a   0x134  xstopfx.o [3]
  .text               ro code  0x08002d40   0x1b8  xstoflt.o [3]
  .text               ro code  0x08002ef8   0x200  xdtento.o [4]
  .text               ro code  0x080030f8   0x218  xstoxflt.o [3]
  .text               ro code  0x08003310   0x114  xdscale.o [4]
  .text               ro code  0x08003424    0xee  I64DivMod.o [5]
  .text               ro code  0x08003512    0x28  isxxx.o [3]
  .text               ro code  0x0800353c    0x6c  localeconv.o [3]
  .text               ro code  0x080035a8    0x42  xdnorm.o [4]
  .text               ro code  0x080035ec    0x20  DblCmpEq.o [4]
  .text               ro code  0x0800360c    0x56  xdunscal.o [4]
  .text               ro code  0x08003664     0xc  errno.o [3]
  .text               ro code  0x08003670    0x58  memchr.o [5]
  .text               ro code  0x080036c8     0x2  I64DivZer.o [5]
  .text               ro code  0x080036cc    0x18  setlocale.o [3]
  .text               ro code  0x080036e4    0x16  xlocale_c.o [3]
  .text               ro code  0x080036fa    0x14  xlocale_c.o [3]
  .text               ro code  0x0800370e     0x2  xtls.o [3]
  .text               ro code  0x08003710    0xd4  packbits_init.o [5]
  .text               ro code  0x080037e4     0x6  abort.o [3]
  .text               ro code  0x080037ec    0x14  exit.o [6]
  .text               ro code  0x08003800    0x60  system_stm32f4xx.o [1]
  .text               ro code  0x08003860    0x58  stm32f4xx_it.o [1]
  .text               ro code  0x080038b8    0x28  data_init.o [5]
  .iar.init_table     const    0x080038e0    0x2c  - Linker created -
  .text               ro code  0x0800390c    0x1a  fpinit_M.o [4]
  .text               ro code  0x08003928    0x1a  cmain.o [5]
  .text               ro code  0x08003942     0x4  low_level_init.o [3]
  .text               ro code  0x08003946     0x4  exit.o [3]
  .text               ro code  0x0800394c     0xa  cexit.o [5]
  .text               ro code  0x08003958    0x10  startup_stm32f401xe.o [1]
  .text               ro code  0x08003968     0xc  cstartup_M.o [5]
  .rodata             const    0x08003974     0x8  system_stm32f4xx.o [1]
  .text               ro code  0x0800397c     0x4  startup_stm32f401xe.o [1]
  .text               ro code  0x08003980     0x4  startup_stm32f401xe.o [1]
  .text               ro code  0x08003984     0x4  startup_stm32f401xe.o [1]
  .text               ro code  0x08003988     0x4  startup_stm32f401xe.o [1]
  .text               ro code  0x0800398c     0x4  startup_stm32f401xe.o [1]
  .text               ro code  0x08003990     0x4  startup_stm32f401xe.o [1]
  .text               ro code  0x08003994     0x4  startup_stm32f401xe.o [1]
  .text               ro code  0x08003998     0x4  startup_stm32f401xe.o [1]
  .text               ro code  0x0800399c     0x4  startup_stm32f401xe.o [1]
  .text               ro code  0x080039a0     0x4  startup_stm32f401xe.o [1]
  .text               ro code  0x080039a4     0x4  startup_stm32f401xe.o [1]
  .text               ro code  0x080039a8     0x4  startup_stm32f401xe.o [1]
  .text               ro code  0x080039ac     0x4  startup_stm32f401xe.o [1]
  .text               ro code  0x080039b0     0x4  startup_stm32f401xe.o [1]
  .text               ro code  0x080039b4     0x4  startup_stm32f401xe.o [1]
  .text               ro code  0x080039b8     0x4  startup_stm32f401xe.o [1]
  .text               ro code  0x080039bc     0x4  startup_stm32f401xe.o [1]
  .text               ro code  0x080039c0     0x4  startup_stm32f401xe.o [1]
  .text               ro code  0x080039c4     0x4  startup_stm32f401xe.o [1]
  .text               ro code  0x080039c8     0x4  startup_stm32f401xe.o [1]
  .text               ro code  0x080039cc     0x4  startup_stm32f401xe.o [1]
  .text               ro code  0x080039d0     0x4  startup_stm32f401xe.o [1]
  .text               ro code  0x080039d4     0x4  startup_stm32f401xe.o [1]
  .text               ro code  0x080039d8     0x4  startup_stm32f401xe.o [1]
  .text               ro code  0x080039dc     0x4  startup_stm32f401xe.o [1]
  .text               ro code  0x080039e0     0x4  startup_stm32f401xe.o [1]
  .text               ro code  0x080039e4     0x4  startup_stm32f401xe.o [1]
  .text               ro code  0x080039e8     0x4  startup_stm32f401xe.o [1]
  .text               ro code  0x080039ec     0x4  startup_stm32f401xe.o [1]
  .text               ro code  0x080039f0     0x4  startup_stm32f401xe.o [1]
  .text               ro code  0x080039f4     0x4  startup_stm32f401xe.o [1]
  .text               ro code  0x080039f8     0x4  startup_stm32f401xe.o [1]
  .text               ro code  0x080039fc     0x4  startup_stm32f401xe.o [1]
  .text               ro code  0x08003a00     0x4  startup_stm32f401xe.o [1]
  .text               ro code  0x08003a04     0x4  startup_stm32f401xe.o [1]
  .text               ro code  0x08003a08     0x4  startup_stm32f401xe.o [1]
  .text               ro code  0x08003a0c     0x4  startup_stm32f401xe.o [1]
  .text               ro code  0x08003a10     0x4  startup_stm32f401xe.o [1]
  .text               ro code  0x08003a14     0x4  startup_stm32f401xe.o [1]
  .text               ro code  0x08003a18     0x4  startup_stm32f401xe.o [1]
  .text               ro code  0x08003a1c     0x4  startup_stm32f401xe.o [1]
  .text               ro code  0x08003a20     0x4  startup_stm32f401xe.o [1]
  .text               ro code  0x08003a24     0x4  startup_stm32f401xe.o [1]
  .text               ro code  0x08003a28     0x4  startup_stm32f401xe.o [1]
  .text               ro code  0x08003a2c     0x4  startup_stm32f401xe.o [1]
  .text               ro code  0x08003a30     0x4  startup_stm32f401xe.o [1]
  .text               ro code  0x08003a34     0x4  startup_stm32f401xe.o [1]
  .text               ro code  0x08003a38     0x4  startup_stm32f401xe.o [1]
  .text               ro code  0x08003a3c     0x4  startup_stm32f401xe.o [1]
  .text               ro code  0x08003a40     0x4  startup_stm32f401xe.o [1]
  .text               ro code  0x08003a44     0x4  startup_stm32f401xe.o [1]
  .text               ro code  0x08003a48     0x4  startup_stm32f401xe.o [1]
  .text               ro code  0x08003a4c     0x4  startup_stm32f401xe.o [1]
  .text               ro code  0x08003a50     0x4  startup_stm32f401xe.o [1]
  .text               ro code  0x08003a54     0x4  startup_stm32f401xe.o [1]
  .text               ro code  0x08003a58     0x4  startup_stm32f401xe.o [1]
  .text               ro code  0x08003a5c     0x4  startup_stm32f401xe.o [1]
  .text               ro code  0x08003a60     0x4  startup_stm32f401xe.o [1]
  .rodata             const    0x08003a64     0x0  zero_init3.o [5]
  .rodata             const    0x08003a64     0x0  packbits_init.o [5]
  Initializer bytes   ro data  0x08003a64    0x33  <for P2 s0>
                             - 0x08003a97  0x3903

"P2", part 1 of 3:                          0x188
  P2 s0                        0x20000000   0x188  <Init block>
    __DLIB_PERTHREAD  inited   0x20000000    0x88  localeconv.o [3]
    .data             inited   0x20000088    0x78  main.o [1]
    __DLIB_PERTHREAD  inited   0x20000100    0x74  setlocale.o [3]
    .data             inited   0x20000174     0xc  stm32f4xx_hal.o [1]
    .data             inited   0x20000180     0x4  system_stm32f4xx.o [1]
    __DLIB_PERTHREAD  inited   0x20000184     0x4  errno.o [3]
                             - 0x20000188   0x188

"P2", part 2 of 3:                          0x1d8
  .bss                zero     0x20000188    0xb8  main.o [1]
  .bss                zero     0x20000240    0x60  main.o [1]
  .bss                zero     0x200002a0    0x48  main.o [1]
  .bss                zero     0x200002e8    0x3c  main.o [1]
  .bss                zero     0x20000324    0x3c  main.o [1]
                             - 0x20000360   0x1d8

"P2", part 3 of 3:                          0x400
  CSTACK                       0x20000360   0x400  <Block>
    CSTACK            uninit   0x20000360   0x400  <Block tail>
                             - 0x20000760   0x400


*******************************************************************************
*** INIT TABLE
***

          Address     Size
          -------     ----
Zero (__iar_zero_init3)
    1 destination range, total size 0x1d8:
          0x20000188  0x1d8

Copy/packbits (__iar_packbits_init3)
    1 source range, total size 0x33 (13% of destination):
          0x08003a64   0x33
    1 destination range, total size 0x188:
          0x20000000  0x188



*******************************************************************************
*** MODULE SUMMARY
***

    Module                  ro code  ro data  rw data
    ------                  -------  -------  -------
C:\Users\msjun\Documents\STM32-Project\SDC\EWARM\SDC\Obj: [1]
    main.o                    1 664       16      592
    startup_stm32f401xe.o       652
    stm32f4xx_hal.o             136        1       12
    stm32f4xx_hal_cortex.o      246
    stm32f4xx_hal_dma.o         908
    stm32f4xx_hal_gpio.o        452
    stm32f4xx_hal_msp.o         700
    stm32f4xx_hal_rcc.o       1 120
    stm32f4xx_hal_tim.o       1 778
    stm32f4xx_hal_tim_ex.o      150
    stm32f4xx_hal_uart.o      1 364
    stm32f4xx_it.o               88
    system_stm32f4xx.o           96        9        4
    -------------------------------------------------
    Total:                    9 354       26      608

command line: [2]
    -------------------------------------------------
    Total:

dl7M_tlf.a: [3]
    abort.o                       6
    errno.o                      12        1        4
    exit.o                        4
    isxxx.o                      40
    localeconv.o                108       17      136
    low_level_init.o              4
    setlocale.o                  24       15      116
    xlocale_c.o                  42
    xstoflt.o                   440
    xstopfx.o                   308
    xstoxflt.o                  536
    xtls.o                        2
    -------------------------------------------------
    Total:                    1 526       33      256

m7M_tlv.a: [4]
    DblAdd.o                    232
    DblCmpEq.o                   32
    DblDiv.o                    582
    DblMul.o                    418
    DblSub.o                    384
    DblToI32.o                   76
    I32ToDbl.o                   44
    fpinit_M.o                   26
    xdnorm.o                     66
    xdscale.o                   276
    xdtento.o                   512
    xdunscal.o                   86
    xstod.o                     370
    -------------------------------------------------
    Total:                    3 104

rt7M_tl.a: [5]
    ABImemset.o                  94
    I64DivMod.o                 238
    I64DivZer.o                   2
    cexit.o                      10
    cmain.o                      26
    cstartup_M.o                 12
    data_init.o                  40
    memchr.o                     88
    packbits_init.o             212
    strncpy_unaligned.o         108
    zero_init3.o                 34
    -------------------------------------------------
    Total:                      864

shb_l.a: [6]
    exit.o                       20
    -------------------------------------------------
    Total:                       20

    Gaps                         28
    Linker created                        44    1 024
-----------------------------------------------------
    Grand Total:             14 896      103    1 888


*******************************************************************************
*** ENTRY LIST
***

Entry                      Address   Size  Type      Object
-----                      -------   ----  ----      ------
?main                   0x08003929         Code  Gb  cmain.o [5]
AHBPrescTable           0x08003850   0x10  Data  Gb  system_stm32f4xx.o [1]
APBPrescTable           0x08003974    0x8  Data  Gb  system_stm32f4xx.o [1]
CSTACK$$Base            0x20000360          --   Gb  - Linker created -
CSTACK$$Limit           0x20000760          --   Gb  - Linker created -
DMA1_Stream5_IRQHandler
                        0x0800386f    0x6  Code  Gb  stm32f4xx_it.o [1]
DMA_CalcBaseAndBitshift
                        0x08001897   0x24  Code  Lc  stm32f4xx_hal_dma.o [1]
DMA_SetConfig           0x08001879   0x1e  Code  Lc  stm32f4xx_hal_dma.o [1]
EXTI15_10_IRQHandler    0x080038b1    0x8  Code  Gb  stm32f4xx_it.o [1]
HAL_DMA_Abort_IT        0x0800169b   0x24  Code  Gb  stm32f4xx_hal_dma.o [1]
HAL_DMA_IRQHandler      0x080016bf  0x1b0  Code  Gb  stm32f4xx_hal_dma.o [1]
HAL_DMA_Init            0x08001539   0xf0  Code  Gb  stm32f4xx_hal_dma.o [1]
HAL_DMA_Start_IT        0x08001629   0x66  Code  Gb  stm32f4xx_hal_dma.o [1]
HAL_GPIO_EXTI_Callback  0x08000b65   0x38  Code  Gb  main.o [1]
HAL_GPIO_EXTI_IRQHandler
                        0x080014ff   0x14  Code  Gb  stm32f4xx_hal_gpio.o [1]
HAL_GPIO_Init           0x08001375  0x182  Code  Gb  stm32f4xx_hal_gpio.o [1]
HAL_GPIO_WritePin       0x080014f7    0x8  Code  Gb  stm32f4xx_hal_gpio.o [1]
HAL_GetTick             0x080021e7    0x6  Code  Wk  stm32f4xx_hal.o [1]
HAL_IncTick             0x080021d9    0xe  Code  Wk  stm32f4xx_hal.o [1]
HAL_Init                0x08002171   0x30  Code  Gb  stm32f4xx_hal.o [1]
HAL_InitTick            0x080021a1   0x38  Code  Wk  stm32f4xx_hal.o [1]
HAL_MspInit             0x080008a9   0x60  Code  Gb  stm32f4xx_hal_msp.o [1]
HAL_NVIC_EnableIRQ      0x080012fd    0xc  Code  Gb  stm32f4xx_hal_cortex.o [1]
HAL_NVIC_SetPriority    0x080012bb   0x42  Code  Gb  stm32f4xx_hal_cortex.o [1]
HAL_NVIC_SetPriorityGrouping
                        0x080012a1   0x1a  Code  Gb  stm32f4xx_hal_cortex.o [1]
HAL_RCC_ClockConfig     0x080029fb  0x10a  Code  Gb  stm32f4xx_hal_rcc.o [1]
HAL_RCC_GetHCLKFreq     0x08002b51    0x6  Code  Gb  stm32f4xx_hal_rcc.o [1]
HAL_RCC_GetPCLK1Freq    0x08002b57   0x10  Code  Gb  stm32f4xx_hal_rcc.o [1]
HAL_RCC_GetPCLK2Freq    0x08002b67    0xe  Code  Gb  stm32f4xx_hal_rcc.o [1]
HAL_RCC_GetSysClockFreq
                        0x08002b05   0x4c  Code  Wk  stm32f4xx_hal_rcc.o [1]
HAL_RCC_OscConfig       0x0800274d  0x2a6  Code  Wk  stm32f4xx_hal_rcc.o [1]
HAL_SYSTICK_CLKSourceConfig
                        0x08001339   0x14  Code  Gb  stm32f4xx_hal_cortex.o [1]
HAL_SYSTICK_Callback    0x08001371    0x2  Code  Wk  stm32f4xx_hal_cortex.o [1]
HAL_SYSTICK_Config      0x08001311   0x28  Code  Gb  stm32f4xx_hal_cortex.o [1]
HAL_SYSTICK_IRQHandler  0x08001369    0x8  Code  Gb  stm32f4xx_hal_cortex.o [1]
HAL_TIMEx_BreakCallback
                        0x08001261    0x2  Code  Wk  stm32f4xx_hal_tim_ex.o [1]
HAL_TIMEx_CommutationCallback
                        0x0800125f    0x2  Code  Wk  stm32f4xx_hal_tim_ex.o [1]
HAL_TIMEx_MasterConfigSynchronization
                        0x08001215   0x4a  Code  Gb  stm32f4xx_hal_tim_ex.o [1]
HAL_TIMEx_PWMN_Start    0x080011e5    0xa  Code  Gb  stm32f4xx_hal_tim_ex.o [1]
HAL_TIM_Base_Init       0x08000195   0x1a  Code  Gb  stm32f4xx_hal_tim.o [1]
HAL_TIM_Base_MspInit    0x080009e7   0x38  Code  Gb  stm32f4xx_hal_msp.o [1]
HAL_TIM_Base_Start_IT   0x080001af   0x16  Code  Gb  stm32f4xx_hal_tim.o [1]
HAL_TIM_ConfigClockSource
                        0x0800055b   0xb4  Code  Gb  stm32f4xx_hal_tim.o [1]
HAL_TIM_Encoder_Init    0x08000283   0x8a  Code  Gb  stm32f4xx_hal_tim.o [1]
HAL_TIM_Encoder_MspInit
                        0x08000909   0x66  Code  Gb  stm32f4xx_hal_msp.o [1]
HAL_TIM_Encoder_Start   0x08000315   0x20  Code  Gb  stm32f4xx_hal_tim.o [1]
HAL_TIM_IC_CaptureCallback
                        0x08000631    0x2  Code  Wk  stm32f4xx_hal_tim.o [1]
HAL_TIM_IRQHandler      0x0800033f  0x14a  Code  Gb  stm32f4xx_hal_tim.o [1]
HAL_TIM_MspPostInit     0x08000a1f   0x28  Code  Gb  stm32f4xx_hal_msp.o [1]
HAL_TIM_OC_DelayElapsedCallback
                        0x0800062f    0x2  Code  Wk  stm32f4xx_hal_tim.o [1]
HAL_TIM_PWM_ConfigChannel
                        0x08000489   0xd2  Code  Gb  stm32f4xx_hal_tim.o [1]
HAL_TIM_PWM_Init        0x080001dd   0x1a  Code  Gb  stm32f4xx_hal_tim.o [1]
HAL_TIM_PWM_MspInit     0x08000985   0x62  Code  Gb  stm32f4xx_hal_msp.o [1]
HAL_TIM_PWM_PulseFinishedCallback
                        0x08000633    0x2  Code  Wk  stm32f4xx_hal_tim.o [1]
HAL_TIM_PWM_Start       0x080001f7    0x8  Code  Gb  stm32f4xx_hal_tim.o [1]
HAL_TIM_PeriodElapsedCallback
                        0x08000bdd  0x1d4  Code  Gb  main.o [1]
HAL_TIM_TriggerCallback
                        0x08000635    0x2  Code  Wk  stm32f4xx_hal_tim.o [1]
HAL_UART_ErrorCallback  0x0800245b    0x2  Code  Wk  stm32f4xx_hal_uart.o [1]
HAL_UART_IRQHandler     0x0800230d  0x148  Code  Gb  stm32f4xx_hal_uart.o [1]
HAL_UART_Init           0x080021f9   0x30  Code  Gb  stm32f4xx_hal_uart.o [1]
HAL_UART_MspInit        0x08000a5d   0x98  Code  Gb  stm32f4xx_hal_msp.o [1]
HAL_UART_Receive_DMA    0x08002265   0x9c  Code  Gb  stm32f4xx_hal_uart.o [1]
HAL_UART_RxCpltCallback
                        0x08002457    0x2  Code  Wk  stm32f4xx_hal_uart.o [1]
HAL_UART_RxHalfCpltCallback
                        0x08002459    0x2  Code  Wk  stm32f4xx_hal_uart.o [1]
HAL_UART_TxCpltCallback
                        0x08002455    0x2  Code  Wk  stm32f4xx_hal_uart.o [1]
InStream_Read           0x08003711   0x22  Code  Lc  packbits_init.o [5]
Kd                      0x200000a0    0x8  Data  Gb  main.o [1]
Ki                      0x20000098    0x8  Data  Gb  main.o [1]
Kp                      0x20000090    0x8  Data  Gb  main.o [1]
MX_GPIO_Init            0x080010d3   0xa8  Code  Lc  main.o [1]
MX_TIM3_Init            0x08001027   0x48  Code  Lc  main.o [1]
MX_TIM4_Init            0x0800107b   0x3e  Code  Lc  main.o [1]
Motor_CCR_L             0x200000f4    0x4  Data  Gb  main.o [1]
Motor_CCR_R             0x200000f8    0x4  Data  Gb  main.o [1]
NVIC_GetPriorityGrouping
                        0x0800127d    0xa  Code  Lc  stm32f4xx_hal_cortex.o [1]
NVIC_SetPriority        0x08001287   0x1a  Code  Lc  stm32f4xx_hal_cortex.o [1]
Region$$Table$$Base     0x080038e0          --   Gb  - Linker created -
Region$$Table$$Limit    0x0800390c          --   Gb  - Linker created -
RoadInfo_Parsing        0x08000b9d   0x3e  Code  Gb  main.o [1]
SysTick_Handler         0x08003861    0xe  Code  Gb  stm32f4xx_it.o [1]
SystemClock_Config      0x08000f79   0xae  Code  Gb  main.o [1]
SystemCoreClock         0x20000180    0x4  Data  Gb  system_stm32f4xx.o [1]
SystemInit              0x08003801   0x3a  Code  Gb  system_stm32f4xx.o [1]
TIM1_BRK_TIM9_IRQHandler
                        0x08003875   0x12  Code  Gb  stm32f4xx_it.o [1]
TIM3_IRQHandler         0x08003887    0x6  Code  Gb  stm32f4xx_it.o [1]
TIM4_IRQHandler         0x0800388d    0x6  Code  Gb  stm32f4xx_it.o [1]
TIM_Base_SetConfig      0x08000637   0x72  Code  Gb  stm32f4xx_hal_tim.o [1]
TIM_CCxChannelCmd       0x08000705   0x18  Code  Gb  stm32f4xx_hal_tim.o [1]
TIM_CCxNChannelCmd      0x08001263   0x18  Code  Lc  stm32f4xx_hal_tim_ex.o [1]
TIM_ETR_SetConfig       0x08000873   0x14  Code  Lc  stm32f4xx_hal_tim.o [1]
TIM_ITRx_SetConfig      0x08000863   0x10  Code  Lc  stm32f4xx_hal_tim.o [1]
TIM_OC1_SetConfig       0x0800071d   0x4a  Code  Lc  stm32f4xx_hal_tim.o [1]
TIM_OC2_SetConfig       0x080006b1   0x52  Code  Gb  stm32f4xx_hal_tim.o [1]
TIM_OC3_SetConfig       0x08000767   0x50  Code  Lc  stm32f4xx_hal_tim.o [1]
TIM_OC4_SetConfig       0x080007b7   0x40  Code  Lc  stm32f4xx_hal_tim.o [1]
TIM_TI1_ConfigInputStage
                        0x0800081d   0x22  Code  Lc  stm32f4xx_hal_tim.o [1]
TIM_TI2_ConfigInputStage
                        0x0800083f   0x24  Code  Lc  stm32f4xx_hal_tim.o [1]
UART_DMAAbortOnError    0x08002515   0x10  Code  Lc  stm32f4xx_hal_uart.o [1]
UART_DMAError           0x0800249d   0x48  Code  Lc  stm32f4xx_hal_uart.o [1]
UART_DMAReceiveCplt     0x0800245d   0x34  Code  Lc  stm32f4xx_hal_uart.o [1]
UART_DMARxHalfCplt      0x08002491    0xa  Code  Lc  stm32f4xx_hal_uart.o [1]
UART_EndRxTransfer      0x080024f7   0x1c  Code  Lc  stm32f4xx_hal_uart.o [1]
UART_EndTxTransfer      0x080024e5   0x12  Code  Lc  stm32f4xx_hal_uart.o [1]
UART_Receive_IT         0x08002525   0x7e  Code  Lc  stm32f4xx_hal_uart.o [1]
UART_SetConfig          0x080025b1  0x18e  Code  Lc  stm32f4xx_hal_uart.o [1]
USART2_IRQHandler       0x08003893    0x6  Code  Gb  stm32f4xx_it.o [1]
_Error_Handler          0x080011e3    0x2  Code  Gb  main.o [1]
_IsdstStr               0x20000104    0x4  Data  Gb  setlocale.o [3]
_LocaleC_isalpha        0x080036e5   0x16  Code  Gb  xlocale_c.o [3]
_LocaleC_isspace        0x080036fb   0x14  Code  Gb  xlocale_c.o [3]
_LocaleForCat           0x080036cd   0x12  Code  Gb  setlocale.o [3]
_LocaleReturnString     0x20000124   0x50  Data  Lc  setlocale.o [3]
_Locale_Profile         0x20000108   0x1c  Data  Gb  setlocale.o [3]
_Locale_aeabi_lconv     0x20000050   0x38  Data  Gb  localeconv.o [3]
_Locale_lconv           0x20000000   0x50  Data  Gb  localeconv.o [3]
_Stoflt                 0x08002d41  0x1b8  Code  Gb  xstoflt.o [3]
_Stopfx                 0x08002c0b  0x134  Code  Gb  xstopfx.o [3]
_Stoxflt                0x080030f9  0x1e2  Code  Gb  xstoxflt.o [3]
_TzoneStr               0x20000100    0x4  Data  Gb  setlocale.o [3]
__aeabi_cdcmpeq         0x080035ed         Code  Gb  DblCmpEq.o [4]
__aeabi_d2iz            0x080020f9         Code  Gb  DblToI32.o [4]
__aeabi_dadd            0x08001c49         Code  Gb  DblAdd.o [4]
__aeabi_ddiv            0x08001eb1         Code  Gb  DblDiv.o [4]
__aeabi_dmul            0x08001aa5         Code  Gb  DblMul.o [4]
__aeabi_dsub            0x08001d31         Code  Gb  DblSub.o [4]
__aeabi_errno_addr      0x08003665    0x6  Code  Gb  errno.o [3]
__aeabi_i2d             0x08002145         Code  Gb  I32ToDbl.o [4]
__aeabi_ldiv0           0x080036c9         Code  Gb  I64DivZer.o [5]
__aeabi_uldivmod        0x08003425         Code  Gb  I64DivMod.o [5]
__cmain                 0x08003929         Code  Gb  cmain.o [5]
__exit                  0x080037ed   0x14  Code  Gb  exit.o [6]
__iar_Dnorm             0x080035a9   0x42  Code  Gb  xdnorm.o [4]
__iar_Dscale            0x08003311  0x114  Code  Gb  xdscale.o [4]
__iar_Dtentox           0x08002f55  0x13e  Code  Gb  xdtento.o [4]
__iar_Dunscale          0x0800360d   0x56  Code  Gb  xdunscal.o [4]
__iar_Errno             0x20000184    0x4  Data  Gb  errno.o [3]
__iar_Locale_lconv_init
                        0x0800353d   0x3a  Code  Gb  localeconv.o [3]
__iar_Memchr            0x08003671         Code  Gb  memchr.o [5]
__iar_Memset_word       0x08002bad         Code  Gb  ABImemset.o [5]
__iar_Stodx             0x08001931  0x14e  Code  Gb  xstod.o [4]
__iar_d2uiz             0x08002125         Code  Gb  DblToI32.o [4]
__iar_dadd              0x08001c5d         Code  Gb  DblAdd.o [4]
__iar_data_init3        0x080038b9   0x28  Code  Gb  data_init.o [5]
__iar_dlib_perthread_access
                        0x0800370f    0x2  Code  Gb  xtls.o [3]
__iar_dsub              0x08001d45         Code  Gb  DblSub.o [4]
__iar_dsubStart         0x08001d57         Code  Gb  DblSub.o [4]
__iar_init_vfp          0x0800390d         Code  Gb  fpinit_M.o [4]
__iar_packbits_init3    0x08003733   0xb2  Code  Gb  packbits_init.o [5]
__iar_program_start     0x08003969         Code  Gb  cstartup_M.o [5]
__iar_ui2d              0x08002159         Code  Gb  I32ToDbl.o [4]
__iar_unaligned_strncpy
                        0x080018c5         Code  Gb  strncpy_unaligned.o [5]
__iar_vfp___iar_Stod    0x08001a95    0x4  Code  Gb  xstod.o [4]
__iar_zero_init3        0x08000887   0x22  Code  Gb  zero_init3.o [5]
__low_level_init        0x08003943    0x4  Code  Gb  low_level_init.o [3]
__vector_table          0x08000000         Data  Gb  startup_stm32f401xe.o [1]
_call_main              0x08003935         Code  Gb  cmain.o [5]
_exit                   0x0800394d         Code  Gb  cexit.o [5]
_main                   0x0800393f         Code  Gb  cmain.o [5]
abort                   0x080037e5    0x6  Code  Gb  abort.o [3]
car_detected_frame      0x200000f0    0x4  Data  Gb  main.o [1]
cnt                     0x200000ec    0x4  Data  Gb  main.o [1]
d_term                  0x200000e0    0x8  Data  Gb  main.o [1]
deviation               0x20000088    0x8  Data  Gb  main.o [1]
dmul                    0x08002ef9   0x5a  Code  Lc  xdtento.o [4]
dt                      0x200000a8    0x8  Data  Gb  main.o [1]
err                     0x200000b0    0x8  Data  Gb  main.o [1]
err_grad                0x200000c8    0x8  Data  Gb  main.o [1]
err_sum                 0x200000c0    0x8  Data  Gb  main.o [1]
exit                    0x08003947    0x4  Code  Gb  exit.o [3]
hdma_usart2_rx          0x20000240   0x60  Data  Gb  main.o [1]
htim1                   0x200001c8   0x3c  Data  Gb  main.o [1]
htim2                   0x20000204   0x3c  Data  Gb  main.o [1]
htim3                   0x200002ac   0x3c  Data  Gb  main.o [1]
htim4                   0x200002e8   0x3c  Data  Gb  main.o [1]
htim9                   0x20000324   0x3c  Data  Gb  main.o [1]
huart2                  0x20000188   0x40  Data  Gb  main.o [1]
i_term                  0x200000d8    0x8  Data  Gb  main.o [1]
isalpha                 0x08003513   0x14  Code  Gb  isxxx.o [3]
isspace                 0x08003527   0x14  Code  Gb  isxxx.o [3]
localeconv              0x08003577   0x16  Code  Gb  localeconv.o [3]
main                    0x08000df9  0x15c  Code  Gb  main.o [1]
memchr                  0x08003671         Code  Gb  memchr.o [5]
mode                    0x200000e8    0x4  Data  Gb  main.o [1]
object                  0x200000fc    0x4  Data  Gb  main.o [1]
p_term                  0x200000d0    0x8  Data  Gb  main.o [1]
pows                    0x080030b0   0x48  Data  Lc  xdtento.o [4]
prev_err                0x200000b8    0x8  Data  Gb  main.o [1]
rx_buff                 0x200002a0    0xc  Data  Gb  main.o [1]
uwTick                  0x20000178    0x4  Data  Gb  stm32f4xx_hal.o [1]
uwTickFreq              0x20000174    0x1  Data  Gb  stm32f4xx_hal.o [1]
uwTickPrio              0x2000017c    0x4  Data  Gb  stm32f4xx_hal.o [1]


[1] = C:\Users\msjun\Documents\STM32-Project\SDC\EWARM\SDC\Obj
[2] = command line
[3] = dl7M_tlf.a
[4] = m7M_tlv.a
[5] = rt7M_tl.a
[6] = shb_l.a

  14 896 bytes of readonly  code memory
     103 bytes of readonly  data memory
   1 888 bytes of readwrite data memory

Errors: none
Warnings: none
